Consulta: "Necesito un informe de desempeño de GenPet en 2026: ¿cuáles fueron los ingresos netos de cada trimestre (Q1 a Q3) y cuáles eran las metas del plan comercial? Calculá el crecimiento porcentual entre trimestres, el porcentaje de cumplimiento de cada meta y cuánto falta facturar en el Q4 para llegar al objetivo anual de ingresos. Si GenPet cumple exactamente la meta del Q4, ¿alcanza el objetivo anual?"

[1] supervisor -> investigador
    razonamiento: No hay datos aportados aún por el investigador sobre los ingresos netos trimestrales reales, las metas del plan comercial para cada trimestre y el objetivo anual de ingresos para 2026. Para responder la consulta, primero se necesitan estos datos específicos con sus fuentes y validación automática OK. Por lo tanto, el siguiente paso es que el investigador busque y aporte estos datos.
    instrucción: Por favor, busca y aporta los siguientes datos para 2026: los ingresos netos reales de GenPet para cada trimestre Q1, Q2 y Q3; las metas del plan comercial para cada trimestre Q1 a Q4; y el objetivo anual de ingresos. Asegúrate de citar la fuente de cada dato y que la validación automática sea OK.

[2] investigador (intento 1) · 8 tool calls
    · buscar_base_conocimiento(consulta='ingresos netos 2026 Q1')
    · buscar_base_conocimiento(consulta='ingresos netos 2026 Q2')
    · buscar_base_conocimiento(consulta='ingresos netos 2026 Q3')
    · buscar_base_conocimiento(consulta='metas plan comercial 2026 Q1')
    · buscar_base_conocimiento(consulta='metas plan comercial 2026 Q2')
    · buscar_base_conocimiento(consulta='metas plan comercial 2026 Q3')
    · buscar_base_conocimiento(consulta='metas plan comercial 2026 Q4')
    · buscar_base_conocimiento(consulta='objetivo anual ingresos 2026')
    aporte: ## Datos encontrados - [REAL] Ingresos netos Q1 2026: $4.427.580 [fuente: historial_ventas_2026.md, resultados_financieros_2026.md] - [REAL] Ingresos netos Q2 2026: $7.931.680 [fuente: historial_ventas_2026.md, resultados_financieros_2026.md] - [REAL] Ingresos netos Q3 2026: $14.402.182 [fuente: historial_ventas_2026.md, resultados_financieros_2026.md] - [META] Meta ingresos netos Q1 2026: $4.000.000 [fuente: plan_comercial_2026.md] - [META] Meta ingresos netos Q2 2026: $7.500.000 [fuente: plan_comercial_2026.md] - [META] Meta ingresos netos Q3 2026: $12.000.000 [fuente: plan_comercial_2026.md…

[3] supervisor -> analista
    razonamiento: El investigador aportó todos los datos solicitados: ingresos netos reales de Q1 a Q3, metas trimestrales de Q1 a Q4 y objetivo anual, con fuentes citadas y validación automática OK. No se solicitaron ingresos reales de Q4 porque el trimestre no terminó, lo cual es correcto. La consulta requiere cálculos de crecimiento porcentual entre trimestres, porcentaje de cumplimiento de metas, cuánto falta facturar en Q4 para alcanzar el objetivo anual y si cumpliendo la meta del Q4 se alcanza el objetivo anual. Estos cálculos deben hacerlos el analista con los datos aportados. Por lo tanto, el próximo p…
    instrucción: Con los siguientes datos de 2026: ingresos netos reales Q1: $4.427.580, Q2: $7.931.680, Q3: $14.402.182; metas de ingresos netos Q1: $4.000.000, Q2: $7.500.000, Q3: $12.000.000, Q4: $13.000.000; y objetivo anual de ingresos netos: superar $36.000.000, realiza los siguientes cálculos: 1) crecimiento porcentual entre Q1-Q2 y Q2-Q3; 2) porcentaje de cumplimiento de la meta en Q1, Q2 y Q3; 3) cuánto falta facturar en Q4 para alcanzar el objetivo anual, considerando los ingresos reales hasta Q3; 4) si cumpliendo exactamente la meta de Q4 se alcanza o no el objetivo anual. Registra todas las operaci…

[4] analista (intento 1) · 7 tool calls
    · variacion_porcentual(valor_inicial=4427580, valor_final=7931680)
    · variacion_porcentual(valor_inicial=7931680, valor_final=14402182)
    · cumplimiento_de_meta(valor_real=4427580, meta=4000000)
    · cumplimiento_de_meta(valor_real=7931680, meta=7500000)
    · cumplimiento_de_meta(valor_real=14402182, meta=12000000)
    · calcular(expresion='36000000 - (4427580 + 7931680 + 14402182)')
    · calcular(expresion='4427580 + 7931680 + 14402182 + 13000000')
    aporte: ## Resultados - Crecimiento porcentual entre Q1 y Q2: 79.14% (cálculo: variacion_porcentual con valor_inicial=4427580, valor_final=7931680) - Crecimiento porcentual entre Q2 y Q3: 81.58% (cálculo: variacion_porcentual con valor_inicial=7931680, valor_final=14402182) - Porcentaje de cumplimiento de la meta en Q1: 110.69% (cálculo: cumplimiento_de_meta con valor_real=4427580, meta=4000000) - Porcentaje de cumplimiento de la meta en Q2: 105.76% (cálculo: cumplimiento_de_meta con valor_real=7931680, meta=7500000) - Porcentaje de cumplimiento de la meta en Q3: 120.02% (cálculo: cumplimiento_de_meta…

[5] supervisor -> sintetizador
    razonamiento: El investigador aportó todos los datos solicitados con fuentes y validación automática OK, incluyendo ingresos reales Q1-Q3, metas trimestrales Q1-Q4 y objetivo anual. El analista realizó todos los cálculos pedidos con registro de herramientas y validación OK, usando los datos correctos y sin inconsistencias. No se requieren más datos ni cálculos para responder la consulta. Por lo tanto, se puede finalizar.

[6] sintetizador -> END

================================================================================
RESPUESTA FINAL
================================================================================
Los ingresos netos de GenPet en 2026 fueron:

- Q1: $4.427.580
- Q2: $7.931.680
- Q3: $14.402.182

Las metas del plan comercial para 2026 eran:

- Q1: $4.000.000
- Q2: $7.500.000
- Q3: $12.000.000
- Q4: $13.000.000
- Objetivo anual: superar $36.000.000

Crecimientos y cumplimiento:

- Crecimiento entre Q1 y Q2: 79,14%
- Crecimiento entre Q2 y Q3: 81,58%
- Cumplimiento de meta Q1: 110,69%
- Cumplimiento de meta Q2: 105,76%
- Cumplimiento de meta Q3: 120,02%

Para alcanzar el objetivo anual, falta facturar en Q4 $9.238.558. Si GenPet cumple exactamente la meta de Q4 ($13.000.000), el objetivo anual se supera con un total de $39.761.442.

En resumen, GenPet tuvo un desempeño muy positivo en los primeros tres trimestres y, cumpliendo la meta del último trimestre, superará el objetivo anual.

Fuentes: historial_ventas_2026.md, resultados_financieros_2026.md, plan_comercial_2026.md
