Consulta: "Necesito un informe de desempeño de GenPet en 2026: ¿cuáles fueron los ingresos netos de cada trimestre (Q1 a Q3) y cuáles eran las metas del plan comercial? Calculá el crecimiento porcentual entre trimestres, el porcentaje de cumplimiento de cada meta y cuánto falta facturar en el Q4 para llegar al objetivo anual de ingresos. Si GenPet cumple exactamente la meta del Q4, ¿alcanza el objetivo anual?"

[1] supervisor -> investigador
    razonamiento: No hay datos aportados aún por el investigador sobre los ingresos netos trimestrales reales, las metas del plan comercial para cada trimestre y el objetivo anual de ingresos para 2026. Para responder la consulta completa, primero se necesitan estos datos específicos con sus fuentes y validación automática OK. Por lo tanto, el siguiente paso es pedir al investigador que busque estos datos.
    instrucción: Por favor, busca y aporta los siguientes datos para 2026: los ingresos netos reales de GenPet para cada trimestre Q1, Q2 y Q3; las metas del plan comercial para cada trimestre Q1 a Q4; y el objetivo anual de ingresos. Asegúrate de citar la fuente de cada dato y que la validación automática sea OK.

[2] investigador (intento 1) · 8 tool calls
    · buscar_base_conocimiento(consulta='ingresos netos 2026 Q1')
    · buscar_base_conocimiento(consulta='ingresos netos 2026 Q2')
    · buscar_base_conocimiento(consulta='ingresos netos 2026 Q3')
    · buscar_base_conocimiento(consulta='metas plan comercial 2026 Q1')
    · buscar_base_conocimiento(consulta='metas plan comercial 2026 Q2')
    · buscar_base_conocimiento(consulta='metas plan comercial 2026 Q3')
    · buscar_base_conocimiento(consulta='metas plan comercial 2026 Q4')
    · buscar_base_conocimiento(consulta='objetivo anual ingresos 2026')
    aporte: ## Datos encontrados - [REAL] Ingresos netos Q1 2026: $4.427.580 [fuente: historial_ventas_2026.md] - [REAL] Ingresos netos Q2 2026: $7.931.680 [fuente: historial_ventas_2026.md] - [REAL] Ingresos netos Q3 2026: $14.402.182 [fuente: historial_ventas_2026.md] - [META] Meta ingresos netos Q1 2026: $4.000.000 (Lanzamiento de la tienda web) [fuente: plan_comercial_2026.md] - [META] Meta ingresos netos Q2 2026: $7.500.000 (Campaña "Rinde más" pack x50) [fuente: plan_comercial_2026.md] - [META] Meta ingresos netos Q3 2026: $12.000.000 (Expansión a distribuidores del interior) [fuente: plan_comercial…

[3] supervisor -> analista
    razonamiento: El investigador aportó todos los datos solicitados: ingresos netos reales de Q1 a Q3, metas trimestrales de Q1 a Q4 y el objetivo anual, con fuentes citadas y validación automática OK. No se solicitaron ingresos reales de Q4, lo cual es correcto porque el trimestre no terminó. La consulta requiere cálculos de crecimiento porcentual entre trimestres, porcentaje de cumplimiento de metas, cuánto falta facturar en Q4 para alcanzar el objetivo anual y si cumpliendo la meta Q4 se alcanza el objetivo anual. Por lo tanto, el próximo paso es que el analista realice esos cálculos con los datos exactos p…
    instrucción: Con los siguientes datos, realiza los cálculos solicitados para 2026: Ingresos netos reales Q1: $4.427.580, Q2: $7.931.680, Q3: $14.402.182; Metas ingresos netos Q1: $4.000.000, Q2: $7.500.000, Q3: $12.000.000, Q4: $13.000.000; Objetivo anual ingresos netos: $36.000.000. Calcula: 1) crecimiento porcentual entre Q1-Q2 y Q2-Q3; 2) porcentaje de cumplimiento de la meta en Q1, Q2 y Q3; 3) cuánto falta facturar en Q4 para alcanzar el objetivo anual considerando los ingresos reales de Q1 a Q3; 4) si cumpliendo exactamente la meta de Q4 se alcanza o supera el objetivo anual. Registra todas las operac…

[4] analista (intento 1) · 8 tool calls
    · variacion_porcentual(valor_inicial=4427580, valor_final=7931680)
    · variacion_porcentual(valor_inicial=7931680, valor_final=14402182)
    · cumplimiento_de_meta(valor_real=4427580, meta=4000000)
    · cumplimiento_de_meta(valor_real=7931680, meta=7500000)
    · cumplimiento_de_meta(valor_real=14402182, meta=12000000)
    · calcular(expresion='4427580 + 7931680 + 14402182')
    · calcular(expresion='36000000 - (4427580 + 7931680 + 14402182)')
    · calcular(expresion='4427580 + 7931680 + 14402182 + 13000000')
    aporte: ## Resultados - Crecimiento porcentual entre Q1 y Q2: 79.14% (cálculo: variacion_porcentual con valor_inicial=4427580 y valor_final=7931680) - Crecimiento porcentual entre Q2 y Q3: 81.58% (cálculo: variacion_porcentual con valor_inicial=7931680 y valor_final=14402182) - Porcentaje de cumplimiento de la meta en Q1: 110.69% (cálculo: cumplimiento_de_meta con valor_real=4427580 y meta=4000000) - Porcentaje de cumplimiento de la meta en Q2: 105.76% (cálculo: cumplimiento_de_meta con valor_real=7931680 y meta=7500000) - Porcentaje de cumplimiento de la meta en Q3: 120.02% (cálculo: cumplimiento_de_…

[5] supervisor -> sintetizador
    razonamiento: El investigador aportó todos los datos solicitados con fuentes y validación automática OK, incluyendo ingresos reales Q1-Q3, metas trimestrales Q1-Q4 y objetivo anual. El analista realizó correctamente todos los cálculos pedidos (crecimientos porcentuales, cumplimiento de metas, faltante para Q4 y evaluación del objetivo anual) con registro de herramientas y validación OK. No hay datos nuevos del investigador posteriores al último aporte del analista, y no se detectan inconsistencias ni errores en los cálculos. La consulta está cubierta en su totalidad con trazabilidad y cómputo verificado.

[6] sintetizador -> END

================================================================================
RESPUESTA FINAL
================================================================================
Los ingresos netos de GenPet en 2026 fueron:

- Q1: $4.427.580
- Q2: $7.931.680
- Q3: $14.402.182

Las metas del plan comercial para 2026 eran:

- Q1: $4.000.000
- Q2: $7.500.000
- Q3: $12.000.000
- Q4: $13.000.000
- Objetivo anual: superar $36.000.000

Crecimientos y cumplimiento:

- Crecimiento entre Q1 y Q2: 79,14%
- Crecimiento entre Q2 y Q3: 81,58%
- Cumplimiento de meta Q1: 110,69%
- Cumplimiento de meta Q2: 105,76%
- Cumplimiento de meta Q3: 120,02%

Para alcanzar el objetivo anual, falta facturar en Q4 $9.238.558. Si GenPet cumple exactamente la meta de Q4 ($13.000.000), el total anual será $39.761.442, superando el objetivo anual.

---

- Ingresos netos reales Q1 a Q3 provienen de historial_ventas_2026.md.
- Metas y objetivo anual provienen de plan_comercial_2026.md.
- Cálculos de crecimiento, cumplimiento, faltante y total anual realizados con los datos indicados.

Fuentes: historial_ventas_2026.md, plan_comercial_2026.md
